// Jest Snapshot v1, https://goo.gl/fbAQLP

exports[`CountryDetails should match snapshot 1`] = `
ShallowWrapper {
  Symbol(enzyme.__root__): [Circular],
  Symbol(enzyme.__unrendered__): <CountryDetails
    id="AF"
    name="Afghanistan"
    rating={5}
    vaccines={
      Object {
        "most travelers": Array [
          "Hepatitis A",
          "Typhoid",
          "Polio",
        ],
        "some travelers": Array [
          "Hepatitis B",
          "Cholera",
          "Malaria",
          "Rabies",
          "Yellow Fever",
        ],
      }
    }
  />,
  Symbol(enzyme.__renderer__): Object {
    "batchedUpdates": [Function],
    "checkPropTypes": [Function],
    "getNode": [Function],
    "render": [Function],
    "simulateError": [Function],
    "simulateEvent": [Function],
    "unmount": [Function],
  },
  Symbol(enzyme.__node__): Object {
    "instance": null,
    "key": undefined,
    "nodeType": "host",
    "props": Object {
      "children": Array [
        <h2>
          Afghanistan
        </h2>,
        <h4>
          Advisory Level: 
          5
           / 5
        </h4>,
        <h4>
          Recommended Vaccines:
        </h4>,
        Array [
          Array [
            <p>
              Hepatitis A
            </p>,
            <p>
              Typhoid
            </p>,
            <p>
              Polio
            </p>,
          ],
          Array [
            <p>
              Hepatitis B
            </p>,
            <p>
              Cholera
            </p>,
            <p>
              Malaria
            </p>,
            <p>
              Rabies
            </p>,
            <p>
              Yellow Fever
            </p>,
          ],
        ],
      ],
      "className": "details",
    },
    "ref": null,
    "rendered": Array [
      Object {
        "instance": null,
        "key": undefined,
        "nodeType": "host",
        "props": Object {
          "children": "Afghanistan",
        },
        "ref": null,
        "rendered": "Afghanistan",
        "type": "h2",
      },
      Object {
        "instance": null,
        "key": undefined,
        "nodeType": "host",
        "props": Object {
          "children": Array [
            "Advisory Level: ",
            5,
            " / 5",
          ],
        },
        "ref": null,
        "rendered": Array [
          "Advisory Level: ",
          5,
          " / 5",
        ],
        "type": "h4",
      },
      Object {
        "instance": null,
        "key": undefined,
        "nodeType": "host",
        "props": Object {
          "children": "Recommended Vaccines:",
        },
        "ref": null,
        "rendered": "Recommended Vaccines:",
        "type": "h4",
      },
      Object {
        "instance": null,
        "key": "Hepatitis A",
        "nodeType": "host",
        "props": Object {
          "children": "Hepatitis A",
        },
        "ref": null,
        "rendered": "Hepatitis A",
        "type": "p",
      },
      Object {
        "instance": null,
        "key": "Typhoid",
        "nodeType": "host",
        "props": Object {
          "children": "Typhoid",
        },
        "ref": null,
        "rendered": "Typhoid",
        "type": "p",
      },
      Object {
        "instance": null,
        "key": "Polio",
        "nodeType": "host",
        "props": Object {
          "children": "Polio",
        },
        "ref": null,
        "rendered": "Polio",
        "type": "p",
      },
      Object {
        "instance": null,
        "key": "Hepatitis B",
        "nodeType": "host",
        "props": Object {
          "children": "Hepatitis B",
        },
        "ref": null,
        "rendered": "Hepatitis B",
        "type": "p",
      },
      Object {
        "instance": null,
        "key": "Cholera",
        "nodeType": "host",
        "props": Object {
          "children": "Cholera",
        },
        "ref": null,
        "rendered": "Cholera",
        "type": "p",
      },
      Object {
        "instance": null,
        "key": "Malaria",
        "nodeType": "host",
        "props": Object {
          "children": "Malaria",
        },
        "ref": null,
        "rendered": "Malaria",
        "type": "p",
      },
      Object {
        "instance": null,
        "key": "Rabies",
        "nodeType": "host",
        "props": Object {
          "children": "Rabies",
        },
        "ref": null,
        "rendered": "Rabies",
        "type": "p",
      },
      Object {
        "instance": null,
        "key": "Yellow Fever",
        "nodeType": "host",
        "props": Object {
          "children": "Yellow Fever",
        },
        "ref": null,
        "rendered": "Yellow Fever",
        "type": "p",
      },
    ],
    "type": "div",
  },
  Symbol(enzyme.__nodes__): Array [
    Object {
      "instance": null,
      "key": undefined,
      "nodeType": "host",
      "props": Object {
        "children": Array [
          <h2>
            Afghanistan
          </h2>,
          <h4>
            Advisory Level: 
            5
             / 5
          </h4>,
          <h4>
            Recommended Vaccines:
          </h4>,
          Array [
            Array [
              <p>
                Hepatitis A
              </p>,
              <p>
                Typhoid
              </p>,
              <p>
                Polio
              </p>,
            ],
            Array [
              <p>
                Hepatitis B
              </p>,
              <p>
                Cholera
              </p>,
              <p>
                Malaria
              </p>,
              <p>
                Rabies
              </p>,
              <p>
                Yellow Fever
              </p>,
            ],
          ],
        ],
        "className": "details",
      },
      "ref": null,
      "rendered": Array [
        Object {
          "instance": null,
          "key": undefined,
          "nodeType": "host",
          "props": Object {
            "children": "Afghanistan",
          },
          "ref": null,
          "rendered": "Afghanistan",
          "type": "h2",
        },
        Object {
          "instance": null,
          "key": undefined,
          "nodeType": "host",
          "props": Object {
            "children": Array [
              "Advisory Level: ",
              5,
              " / 5",
            ],
          },
          "ref": null,
          "rendered": Array [
            "Advisory Level: ",
            5,
            " / 5",
          ],
          "type": "h4",
        },
        Object {
          "instance": null,
          "key": undefined,
          "nodeType": "host",
          "props": Object {
            "children": "Recommended Vaccines:",
          },
          "ref": null,
          "rendered": "Recommended Vaccines:",
          "type": "h4",
        },
        Object {
          "instance": null,
          "key": "Hepatitis A",
          "nodeType": "host",
          "props": Object {
            "children": "Hepatitis A",
          },
          "ref": null,
          "rendered": "Hepatitis A",
          "type": "p",
        },
        Object {
          "instance": null,
          "key": "Typhoid",
          "nodeType": "host",
          "props": Object {
            "children": "Typhoid",
          },
          "ref": null,
          "rendered": "Typhoid",
          "type": "p",
        },
        Object {
          "instance": null,
          "key": "Polio",
          "nodeType": "host",
          "props": Object {
            "children": "Polio",
          },
          "ref": null,
          "rendered": "Polio",
          "type": "p",
        },
        Object {
          "instance": null,
          "key": "Hepatitis B",
          "nodeType": "host",
          "props": Object {
            "children": "Hepatitis B",
          },
          "ref": null,
          "rendered": "Hepatitis B",
          "type": "p",
        },
        Object {
          "instance": null,
          "key": "Cholera",
          "nodeType": "host",
          "props": Object {
            "children": "Cholera",
          },
          "ref": null,
          "rendered": "Cholera",
          "type": "p",
        },
        Object {
          "instance": null,
          "key": "Malaria",
          "nodeType": "host",
          "props": Object {
            "children": "Malaria",
          },
          "ref": null,
          "rendered": "Malaria",
          "type": "p",
        },
        Object {
          "instance": null,
          "key": "Rabies",
          "nodeType": "host",
          "props": Object {
            "children": "Rabies",
          },
          "ref": null,
          "rendered": "Rabies",
          "type": "p",
        },
        Object {
          "instance": null,
          "key": "Yellow Fever",
          "nodeType": "host",
          "props": Object {
            "children": "Yellow Fever",
          },
          "ref": null,
          "rendered": "Yellow Fever",
          "type": "p",
        },
      ],
      "type": "div",
    },
  ],
  Symbol(enzyme.__options__): Object {
    "adapter": ReactSixteenAdapter {
      "options": Object {
        "enableComponentDidUpdateOnSetState": true,
        "legacyContextMode": "parent",
        "lifecycles": Object {
          "componentDidUpdate": Object {
            "onSetState": true,
          },
          "getChildContext": Object {
            "calledByRenderer": false,
          },
          "getDerivedStateFromError": true,
          "getDerivedStateFromProps": Object {
            "hasShouldComponentUpdateBug": false,
          },
          "getSnapshotBeforeUpdate": true,
          "setState": Object {
            "skipsComponentDidUpdateOnNullish": true,
          },
        },
      },
    },
  },
}
`;
